// Bun Snapshot v1, https://bun.sh/docs/test/snapshots

exports[`syntax using singular synchronous with no link fields 1`] = `
"ReducedFunction & (<T = Account | null>(value: CombinedInstructions["using"]) => T)
"
`;

exports[`syntax using singular synchronous with a link field 1`] = `
"ReducedFunction & {
    <U extends Array<"author"> | "all">(fields: U): Post<U> | null;
    <T = Post | null>(fields: Array<"author"> | "all"): T;
}
"
`;

exports[`syntax using singular asynchronous with no link fields 1`] = `
"ReducedFunction & (<T = Account | null>(value: CombinedInstructions["using"]) => Promise<T>)
"
`;

exports[`syntax using singular asynchronous with a link field 1`] = `
"ReducedFunction & {
    <U extends Array<"author"> | "all">(fields: U): Promise<Post<U>> | null;
    <T = Post | null>(fields: Array<"author"> | "all"): Promise<T>;
}
"
`;

exports[`syntax using plural synchronous with no link fields 1`] = `
"ReducedFunction & (<T = Account[]>(value: CombinedInstructions["using"]) => T)
"
`;

exports[`syntax using plural synchronous with a link field 1`] = `
"ReducedFunction & {
    <U extends Array<"author"> | "all">(fields: U): Post<U>;
    <T = Post[]>(fields: Array<"author"> | "all"): T;
}
"
`;

exports[`syntax using plural asynchronous with no link fields 1`] = `
"ReducedFunction & (<T = Account[]>(value: CombinedInstructions["using"]) => Promise<T>)
"
`;

exports[`syntax using plural asynchronous with a link field 1`] = `
"ReducedFunction & {
    <U extends Array<"author"> | "all">(fields: U): Promise<Post<U>>;
    <T = Post[]>(fields: Array<"author"> | "all"): Promise<T>;
}
"
`;

exports[`syntax with singular synchronous 1`] = `
"type WithQuery = Utils.WithQuery<Account | null> & {
    name: <T = Account | null>(name: Account["name"], options?: Record<string, unknown>) => T;
    email: <T = Account | null>(email: Account["email"], options?: Record<string, unknown>) => T;
};
"
`;

exports[`syntax with singular asynchronous 1`] = `
"type WithQueryPromise = Utils.WithQueryPromise<Account | null> & {
    name: <T = Account | null>(name: Account["name"], options?: Record<string, unknown>) => Promise<T>;
    email: <T = Account | null>(email: Account["email"], options?: Record<string, unknown>) => Promise<T>;
};
"
`;

exports[`syntax with plural synchronous 1`] = `
"type WithQuery = Utils.WithQuery<Account[]> & {
    name: <T = Account[]>(name: Account["name"], options?: Record<string, unknown>) => T;
    email: <T = Account[]>(email: Account["email"], options?: Record<string, unknown>) => T;
};
"
`;

exports[`syntax with plural asynchronous 1`] = `
"type WithQueryPromise = Utils.WithQueryPromise<Account[]> & {
    name: <T = Account[]>(name: Account["name"], options?: Record<string, unknown>) => Promise<T>;
    email: <T = Account[]>(email: Account["email"], options?: Record<string, unknown>) => Promise<T>;
};
"
`;
