// Bun Snapshot v1, https://bun.sh/docs/test/snapshots

exports[`identifiers 1`] = `
{
  "blade": {
    "module": {
      "client": {
        "hooks": IdentifierObject {
          "emitNode": undefined,
          "end": -1,
          "escapedText": ""blade/client/hooks"",
          "flags": 16,
          "flowNode": undefined,
          "id": 0,
          "jsDoc": undefined,
          "kind": 80,
          "parent": undefined,
          "pos": -1,
          "symbol": undefined,
          "transformFlags": 0,
        },
      },
      "root": IdentifierObject {
        "emitNode": undefined,
        "end": -1,
        "escapedText": ""blade"",
        "flags": 16,
        "flowNode": undefined,
        "id": 0,
        "jsDoc": undefined,
        "kind": 80,
        "parent": undefined,
        "pos": -1,
        "symbol": undefined,
        "transformFlags": 0,
      },
      "server": {
        "hooks": IdentifierObject {
          "emitNode": undefined,
          "end": -1,
          "escapedText": ""blade/server/hooks"",
          "flags": 16,
          "flowNode": undefined,
          "id": 0,
          "jsDoc": undefined,
          "kind": 80,
          "parent": undefined,
          "pos": -1,
          "symbol": undefined,
          "transformFlags": 0,
        },
      },
      "types": IdentifierObject {
        "emitNode": undefined,
        "end": -1,
        "escapedText": ""blade/types"",
        "flags": 16,
        "flowNode": undefined,
        "id": 0,
        "jsDoc": undefined,
        "kind": 80,
        "parent": undefined,
        "pos": -1,
        "symbol": undefined,
        "transformFlags": 0,
      },
    },
    "reducedFunction": IdentifierObject {
      "emitNode": undefined,
      "end": -1,
      "escapedText": "ReducedFunction",
      "flags": 16,
      "flowNode": undefined,
      "id": 0,
      "jsDoc": undefined,
      "kind": 80,
      "parent": undefined,
      "pos": -1,
      "symbol": undefined,
      "transformFlags": 0,
    },
    "resultRecord": IdentifierObject {
      "emitNode": undefined,
      "end": -1,
      "escapedText": "ResultRecord",
      "flags": 16,
      "flowNode": undefined,
      "id": 0,
      "jsDoc": undefined,
      "kind": 80,
      "parent": undefined,
      "pos": -1,
      "symbol": undefined,
      "transformFlags": 0,
    },
  },
  "compiler": {
    "combinedInstructions": IdentifierObject {
      "emitNode": undefined,
      "end": -1,
      "escapedText": "CombinedInstructions",
      "flags": 16,
      "flowNode": undefined,
      "id": 0,
      "jsDoc": undefined,
      "kind": 80,
      "parent": undefined,
      "pos": -1,
      "symbol": undefined,
      "transformFlags": 0,
    },
    "dmlQueryType": {
      "add": IdentifierObject {
        "emitNode": undefined,
        "end": -1,
        "escapedText": "AddQuery",
        "flags": 16,
        "flowNode": undefined,
        "id": 0,
        "jsDoc": undefined,
        "kind": 80,
        "parent": undefined,
        "pos": -1,
        "symbol": undefined,
        "transformFlags": 0,
      },
      "count": IdentifierObject {
        "emitNode": undefined,
        "end": -1,
        "escapedText": "CountQuery",
        "flags": 16,
        "flowNode": undefined,
        "id": 0,
        "jsDoc": undefined,
        "kind": 80,
        "parent": undefined,
        "pos": -1,
        "symbol": undefined,
        "transformFlags": 0,
      },
      "get": IdentifierObject {
        "emitNode": undefined,
        "end": -1,
        "escapedText": "GetQuery",
        "flags": 16,
        "flowNode": undefined,
        "id": 0,
        "jsDoc": undefined,
        "kind": 80,
        "parent": undefined,
        "pos": -1,
        "symbol": undefined,
        "transformFlags": 0,
      },
      "remove": IdentifierObject {
        "emitNode": undefined,
        "end": -1,
        "escapedText": "RemoveQuery",
        "flags": 16,
        "flowNode": undefined,
        "id": 0,
        "jsDoc": undefined,
        "kind": 80,
        "parent": undefined,
        "pos": -1,
        "symbol": undefined,
        "transformFlags": 0,
      },
      "set": IdentifierObject {
        "emitNode": undefined,
        "end": -1,
        "escapedText": "SetQuery",
        "flags": 16,
        "flowNode": undefined,
        "id": 0,
        "jsDoc": undefined,
        "kind": 80,
        "parent": undefined,
        "pos": -1,
        "symbol": undefined,
        "transformFlags": 0,
      },
      "use": IdentifierObject {
        "emitNode": undefined,
        "end": -1,
        "escapedText": "GetQuery",
        "flags": 16,
        "flowNode": undefined,
        "id": 0,
        "jsDoc": undefined,
        "kind": 80,
        "parent": undefined,
        "pos": -1,
        "symbol": undefined,
        "transformFlags": 0,
      },
    },
    "expression": IdentifierObject {
      "emitNode": undefined,
      "end": -1,
      "escapedText": "Expression",
      "flags": 16,
      "flowNode": undefined,
      "id": 0,
      "jsDoc": undefined,
      "kind": 80,
      "parent": undefined,
      "pos": -1,
      "symbol": undefined,
      "transformFlags": 0,
    },
    "model": IdentifierObject {
      "emitNode": undefined,
      "end": -1,
      "escapedText": "Model",
      "flags": 16,
      "flowNode": undefined,
      "id": 0,
      "jsDoc": undefined,
      "kind": 80,
      "parent": undefined,
      "pos": -1,
      "symbol": undefined,
      "transformFlags": 0,
    },
    "module": {
      "root": IdentifierObject {
        "emitNode": undefined,
        "end": -1,
        "escapedText": ""blade-compiler"",
        "flags": 16,
        "flowNode": undefined,
        "id": 0,
        "jsDoc": undefined,
        "kind": 80,
        "parent": undefined,
        "pos": -1,
        "symbol": undefined,
        "transformFlags": 0,
      },
    },
    "storedObject": IdentifierObject {
      "emitNode": undefined,
      "end": -1,
      "escapedText": "StoredObject",
      "flags": 16,
      "flowNode": undefined,
      "id": 0,
      "jsDoc": undefined,
      "kind": 80,
      "parent": undefined,
      "pos": -1,
      "symbol": undefined,
      "transformFlags": 0,
    },
  },
  "namespace": {
    "syntax": {
      "fieldSlug": IdentifierObject {
        "emitNode": undefined,
        "end": -1,
        "escapedText": "FieldSlug",
        "flags": 16,
        "flowNode": undefined,
        "id": 0,
        "jsDoc": undefined,
        "kind": 80,
        "parent": undefined,
        "pos": -1,
        "symbol": undefined,
        "transformFlags": 0,
      },
      "plural": IdentifierObject {
        "emitNode": undefined,
        "end": -1,
        "escapedText": "Plural",
        "flags": 16,
        "flowNode": undefined,
        "id": 0,
        "jsDoc": undefined,
        "kind": 80,
        "parent": undefined,
        "pos": -1,
        "symbol": undefined,
        "transformFlags": 0,
      },
      "singular": IdentifierObject {
        "emitNode": undefined,
        "end": -1,
        "escapedText": "Singular",
        "flags": 16,
        "flowNode": undefined,
        "id": 0,
        "jsDoc": undefined,
        "kind": 80,
        "parent": undefined,
        "pos": -1,
        "symbol": undefined,
        "transformFlags": 0,
      },
      "suffix": IdentifierObject {
        "emitNode": undefined,
        "end": -1,
        "escapedText": "Syntax",
        "flags": 16,
        "flowNode": undefined,
        "id": 0,
        "jsDoc": undefined,
        "kind": 80,
        "parent": undefined,
        "pos": -1,
        "symbol": undefined,
        "transformFlags": 0,
      },
    },
    "utils": {
      "afterQuery": IdentifierObject {
        "emitNode": undefined,
        "end": -1,
        "escapedText": "AfterQuery",
        "flags": 16,
        "flowNode": undefined,
        "id": 0,
        "jsDoc": undefined,
        "kind": 80,
        "parent": undefined,
        "pos": -1,
        "symbol": undefined,
        "transformFlags": 0,
      },
      "afterQueryPromise": IdentifierObject {
        "emitNode": undefined,
        "end": -1,
        "escapedText": "AfterQueryPromise",
        "flags": 16,
        "flowNode": undefined,
        "id": 0,
        "jsDoc": undefined,
        "kind": 80,
        "parent": undefined,
        "pos": -1,
        "symbol": undefined,
        "transformFlags": 0,
      },
      "beforeQuery": IdentifierObject {
        "emitNode": undefined,
        "end": -1,
        "escapedText": "BeforeQuery",
        "flags": 16,
        "flowNode": undefined,
        "id": 0,
        "jsDoc": undefined,
        "kind": 80,
        "parent": undefined,
        "pos": -1,
        "symbol": undefined,
        "transformFlags": 0,
      },
      "beforeQueryPromise": IdentifierObject {
        "emitNode": undefined,
        "end": -1,
        "escapedText": "BeforeQueryPromise",
        "flags": 16,
        "flowNode": undefined,
        "id": 0,
        "jsDoc": undefined,
        "kind": 80,
        "parent": undefined,
        "pos": -1,
        "symbol": undefined,
        "transformFlags": 0,
      },
      "includingQuery": IdentifierObject {
        "emitNode": undefined,
        "end": -1,
        "escapedText": "IncludingQuery",
        "flags": 16,
        "flowNode": undefined,
        "id": 0,
        "jsDoc": undefined,
        "kind": 80,
        "parent": undefined,
        "pos": -1,
        "symbol": undefined,
        "transformFlags": 0,
      },
      "includingQueryPromise": IdentifierObject {
        "emitNode": undefined,
        "end": -1,
        "escapedText": "IncludingQueryPromise",
        "flags": 16,
        "flowNode": undefined,
        "id": 0,
        "jsDoc": undefined,
        "kind": 80,
        "parent": undefined,
        "pos": -1,
        "symbol": undefined,
        "transformFlags": 0,
      },
      "limitedToQuery": IdentifierObject {
        "emitNode": undefined,
        "end": -1,
        "escapedText": "LimitedToQuery",
        "flags": 16,
        "flowNode": undefined,
        "id": 0,
        "jsDoc": undefined,
        "kind": 80,
        "parent": undefined,
        "pos": -1,
        "symbol": undefined,
        "transformFlags": 0,
      },
      "limitedToQueryPromise": IdentifierObject {
        "emitNode": undefined,
        "end": -1,
        "escapedText": "LimitedToQueryPromise",
        "flags": 16,
        "flowNode": undefined,
        "id": 0,
        "jsDoc": undefined,
        "kind": 80,
        "parent": undefined,
        "pos": -1,
        "symbol": undefined,
        "transformFlags": 0,
      },
      "name": IdentifierObject {
        "emitNode": undefined,
        "end": -1,
        "escapedText": "Utils",
        "flags": 16,
        "flowNode": undefined,
        "id": 0,
        "jsDoc": undefined,
        "kind": 80,
        "parent": undefined,
        "pos": -1,
        "symbol": undefined,
        "transformFlags": 0,
      },
      "orderedByQuery": IdentifierObject {
        "emitNode": undefined,
        "end": -1,
        "escapedText": "OrderedByQuery",
        "flags": 16,
        "flowNode": undefined,
        "id": 0,
        "jsDoc": undefined,
        "kind": 80,
        "parent": undefined,
        "pos": -1,
        "symbol": undefined,
        "transformFlags": 0,
      },
      "orderedByQueryPromise": IdentifierObject {
        "emitNode": undefined,
        "end": -1,
        "escapedText": "OrderedByQueryPromise",
        "flags": 16,
        "flowNode": undefined,
        "id": 0,
        "jsDoc": undefined,
        "kind": 80,
        "parent": undefined,
        "pos": -1,
        "symbol": undefined,
        "transformFlags": 0,
      },
      "rootQueryCaller": IdentifierObject {
        "emitNode": undefined,
        "end": -1,
        "escapedText": "RootQueryCaller",
        "flags": 16,
        "flowNode": undefined,
        "id": 0,
        "jsDoc": undefined,
        "kind": 80,
        "parent": undefined,
        "pos": -1,
        "symbol": undefined,
        "transformFlags": 0,
      },
      "rootQueryCallerPromise": IdentifierObject {
        "emitNode": undefined,
        "end": -1,
        "escapedText": "RootQueryCallerPromise",
        "flags": 16,
        "flowNode": undefined,
        "id": 0,
        "jsDoc": undefined,
        "kind": 80,
        "parent": undefined,
        "pos": -1,
        "symbol": undefined,
        "transformFlags": 0,
      },
      "selectingQuery": IdentifierObject {
        "emitNode": undefined,
        "end": -1,
        "escapedText": "SelectingQuery",
        "flags": 16,
        "flowNode": undefined,
        "id": 0,
        "jsDoc": undefined,
        "kind": 80,
        "parent": undefined,
        "pos": -1,
        "symbol": undefined,
        "transformFlags": 0,
      },
      "selectingQueryPromise": IdentifierObject {
        "emitNode": undefined,
        "end": -1,
        "escapedText": "SelectingQueryPromise",
        "flags": 16,
        "flowNode": undefined,
        "id": 0,
        "jsDoc": undefined,
        "kind": 80,
        "parent": undefined,
        "pos": -1,
        "symbol": undefined,
        "transformFlags": 0,
      },
      "toQuery": IdentifierObject {
        "emitNode": undefined,
        "end": -1,
        "escapedText": "ToQuery",
        "flags": 16,
        "flowNode": undefined,
        "id": 0,
        "jsDoc": undefined,
        "kind": 80,
        "parent": undefined,
        "pos": -1,
        "symbol": undefined,
        "transformFlags": 0,
      },
      "toQueryPromise": IdentifierObject {
        "emitNode": undefined,
        "end": -1,
        "escapedText": "ToQueryPromise",
        "flags": 16,
        "flowNode": undefined,
        "id": 0,
        "jsDoc": undefined,
        "kind": 80,
        "parent": undefined,
        "pos": -1,
        "symbol": undefined,
        "transformFlags": 0,
      },
      "usingQuery": IdentifierObject {
        "emitNode": undefined,
        "end": -1,
        "escapedText": "UsingQuery",
        "flags": 16,
        "flowNode": undefined,
        "id": 0,
        "jsDoc": undefined,
        "kind": 80,
        "parent": undefined,
        "pos": -1,
        "symbol": undefined,
        "transformFlags": 0,
      },
      "usingQueryPromise": IdentifierObject {
        "emitNode": undefined,
        "end": -1,
        "escapedText": "UsingQueryPromise",
        "flags": 16,
        "flowNode": undefined,
        "id": 0,
        "jsDoc": undefined,
        "kind": 80,
        "parent": undefined,
        "pos": -1,
        "symbol": undefined,
        "transformFlags": 0,
      },
      "withQuery": IdentifierObject {
        "emitNode": undefined,
        "end": -1,
        "escapedText": "WithQuery",
        "flags": 16,
        "flowNode": undefined,
        "id": 0,
        "jsDoc": undefined,
        "kind": 80,
        "parent": undefined,
        "pos": -1,
        "symbol": undefined,
        "transformFlags": 0,
      },
      "withQueryPromise": IdentifierObject {
        "emitNode": undefined,
        "end": -1,
        "escapedText": "WithQueryPromise",
        "flags": 16,
        "flowNode": undefined,
        "id": 0,
        "jsDoc": undefined,
        "kind": 80,
        "parent": undefined,
        "pos": -1,
        "symbol": undefined,
        "transformFlags": 0,
      },
    },
  },
  "primitive": {
    "array": IdentifierObject {
      "emitNode": undefined,
      "end": -1,
      "escapedText": "Array",
      "flags": 16,
      "flowNode": undefined,
      "id": 0,
      "jsDoc": undefined,
      "kind": 80,
      "parent": undefined,
      "pos": -1,
      "symbol": undefined,
      "transformFlags": 0,
    },
    "date": IdentifierObject {
      "emitNode": undefined,
      "end": -1,
      "escapedText": "Date",
      "flags": 16,
      "flowNode": undefined,
      "id": 0,
      "jsDoc": undefined,
      "kind": 80,
      "parent": undefined,
      "pos": -1,
      "symbol": undefined,
      "transformFlags": 0,
    },
    "partial": IdentifierObject {
      "emitNode": undefined,
      "end": -1,
      "escapedText": "Partial",
      "flags": 16,
      "flowNode": undefined,
      "id": 0,
      "jsDoc": undefined,
      "kind": 80,
      "parent": undefined,
      "pos": -1,
      "symbol": undefined,
      "transformFlags": 0,
    },
    "promise": IdentifierObject {
      "emitNode": undefined,
      "end": -1,
      "escapedText": "Promise",
      "flags": 16,
      "flowNode": undefined,
      "id": 0,
      "jsDoc": undefined,
      "kind": 80,
      "parent": undefined,
      "pos": -1,
      "symbol": undefined,
      "transformFlags": 0,
    },
    "record": IdentifierObject {
      "emitNode": undefined,
      "end": -1,
      "escapedText": "Record",
      "flags": 16,
      "flowNode": undefined,
      "id": 0,
      "jsDoc": undefined,
      "kind": 80,
      "parent": undefined,
      "pos": -1,
      "symbol": undefined,
      "transformFlags": 0,
    },
  },
  "utils": {
    "all": IdentifierObject {
      "emitNode": undefined,
      "end": -1,
      "escapedText": "all",
      "flags": 16,
      "flowNode": undefined,
      "id": 0,
      "jsDoc": undefined,
      "kind": 80,
      "parent": undefined,
      "pos": -1,
      "symbol": undefined,
      "transformFlags": 0,
    },
    "jsonArray": IdentifierObject {
      "emitNode": undefined,
      "end": -1,
      "escapedText": "JsonArray",
      "flags": 16,
      "flowNode": undefined,
      "id": 0,
      "jsDoc": undefined,
      "kind": 80,
      "parent": undefined,
      "pos": -1,
      "symbol": undefined,
      "transformFlags": 0,
    },
    "jsonObject": IdentifierObject {
      "emitNode": undefined,
      "end": -1,
      "escapedText": "JsonObject",
      "flags": 16,
      "flowNode": undefined,
      "id": 0,
      "jsDoc": undefined,
      "kind": 80,
      "parent": undefined,
      "pos": -1,
      "symbol": undefined,
      "transformFlags": 0,
    },
    "jsonPrimitive": IdentifierObject {
      "emitNode": undefined,
      "end": -1,
      "escapedText": "JsonPrimitive",
      "flags": 16,
      "flowNode": undefined,
      "id": 0,
      "jsDoc": undefined,
      "kind": 80,
      "parent": undefined,
      "pos": -1,
      "symbol": undefined,
      "transformFlags": 0,
    },
    "resolveSchema": IdentifierObject {
      "emitNode": undefined,
      "end": -1,
      "escapedText": "ResolveSchema",
      "flags": 16,
      "flowNode": undefined,
      "id": 0,
      "jsDoc": undefined,
      "kind": 80,
      "parent": undefined,
      "pos": -1,
      "symbol": undefined,
      "transformFlags": 0,
    },
  },
}
`;

exports[`generic identifiers 1`] = `
{
  "default": IdentifierObject {
    "emitNode": undefined,
    "end": -1,
    "escapedText": "T",
    "flags": 16,
    "flowNode": undefined,
    "id": 0,
    "jsDoc": undefined,
    "kind": 80,
    "parent": undefined,
    "pos": -1,
    "symbol": undefined,
    "transformFlags": 0,
  },
  "fields": IdentifierObject {
    "emitNode": undefined,
    "end": -1,
    "escapedText": "F",
    "flags": 16,
    "flowNode": undefined,
    "id": 0,
    "jsDoc": undefined,
    "kind": 80,
    "parent": undefined,
    "pos": -1,
    "symbol": undefined,
    "transformFlags": 0,
  },
  "key": IdentifierObject {
    "emitNode": undefined,
    "end": -1,
    "escapedText": "K",
    "flags": 16,
    "flowNode": undefined,
    "id": 0,
    "jsDoc": undefined,
    "kind": 80,
    "parent": undefined,
    "pos": -1,
    "symbol": undefined,
    "transformFlags": 0,
  },
  "schema": IdentifierObject {
    "emitNode": undefined,
    "end": -1,
    "escapedText": "S",
    "flags": 16,
    "flowNode": undefined,
    "id": 0,
    "jsDoc": undefined,
    "kind": 80,
    "parent": undefined,
    "pos": -1,
    "symbol": undefined,
    "transformFlags": 0,
  },
  "using": IdentifierObject {
    "emitNode": undefined,
    "end": -1,
    "escapedText": "U",
    "flags": 16,
    "flowNode": undefined,
    "id": 0,
    "jsDoc": undefined,
    "kind": 80,
    "parent": undefined,
    "pos": -1,
    "symbol": undefined,
    "transformFlags": 0,
  },
}
`;
